<html>
<body>
<pre>
<h1>µVision Build Log</h1>
<h2>Project:</h2>
C:\Users\Alex\Documents\Teaching\Book Writin'\ARM Cortex M0Plus\Content\Analog IO\Code\Analog\Analog.uvproj
Project File Date:  04/07/2013

<h2>Output:</h2>
Build target 'KL25Z Flash'
assembling startup_MKL25Z4.s...
compiling system_MKL25Z4.c...
compiling LEDs.c...
compiling main.c...
src\main.c(49): warning:  #177-D: variable "n" was declared but never referenced
src\main.c(157): warning:  #177-D: variable "vb" was declared but never referenced
linking...
Program Size: Code=2576 RO-data=224 RW-data=4 ZI-data=1028  
".\obj\Analog.axf" - 0 Error(s), 2 Warning(s).
Clean started: Project: 'Analog'
   deleting intermediate output files for target 'KL25Z Flash'
Build target 'KL25Z Flash'
assembling startup_MKL25Z4.s...
compiling system_MKL25Z4.c...
compiling LEDs.c...
compiling main.c...
src\main.c(49): warning:  #177-D: variable "n" was declared but never referenced
src\main.c(157): warning:  #177-D: variable "vb" was declared but never referenced
linking...
Program Size: Code=2576 RO-data=224 RW-data=4 ZI-data=1028  
".\obj\Analog.axf" - 0 Error(s), 2 Warning(s).
Build target 'KL25Z Flash'
linking...
Program Size: Code=2576 RO-data=224 RW-data=4 ZI-data=1028  
".\obj\Analog.axf" - 0 Error(s), 0 Warning(s).
Clean started: Project: 'Analog'
   deleting intermediate output files for target 'KL25Z Flash'
Build target 'KL25Z Flash'
compiling system_MKL25Z4.c...
assembling startup_MKL25Z4.s...
compiling LEDs.c...
compiling main.c...
src\main.c(49): warning:  #177-D: variable "n" was declared but never referenced
src\main.c(157): warning:  #177-D: variable "vb" was declared but never referenced
linking...
Program Size: Code=2576 RO-data=224 RW-data=4 ZI-data=1028  
".\obj\Analog.axf" - 0 Error(s), 2 Warning(s).
