Product: MDK-ARM Lite 5.10
Component: ARM Compiler 5.04 update 1 (build 49)
Tool: armlink [5040049]

==============================================================================

Section Cross References

    system_mkl25z4.o(.text) refers to uidiv.o(.text) for __aeabi_uidivmod
    system_mkl25z4.o(.text) refers to system_mkl25z4.o(i.__ARM_common_switch8) for __ARM_common_switch8
    system_mkl25z4.o(.text) refers to system_mkl25z4.o(.data) for SystemCoreClock
    startup_mkl25z4.o(RESET) refers to startup_mkl25z4.o(STACK) for __initial_sp
    startup_mkl25z4.o(RESET) refers to startup_mkl25z4.o(.text) for Reset_Handler
    startup_mkl25z4.o(RESET) refers to main.o(.text) for SysTick_Handler
    startup_mkl25z4.o(RESET) refers to spi_aj.o(.text) for SPI1_IRQHandler
    startup_mkl25z4.o(.text) refers to system_mkl25z4.o(.text) for SystemInit
    startup_mkl25z4.o(.text) refers to entry.o(.ARM.Collect$$$$00000000) for __main
    main.o(.text) refers to sim_aj.o(.text) for Init_SIM
    main.o(.text) refers to gpio_aj.o(.text) for Init_GPIO
    main.o(.text) refers to leds.o(.text) for Init_RGB_LEDs
    main.o(.text) refers to spi_aj.o(.text) for Init_SPI1
    main.o(.text) refers to wifiapi.o(.text) for Auto_Setup
    main.o(.text) refers to main.o(.data) for msTicks
    spi_aj.o(.text) refers to sim_aj.o(.text) for spi_sim
    spi_aj.o(.text) refers to spi_aj.o(.data) for SPI1_ReceivingData
    wifiapi.o(.text) refers to printfa.o(i.__0vsprintf) for __c89vsprintf
    wifiapi.o(.text) refers to spi_aj.o(.text) for SPI_CS_Start
    wifiapi.o(.text) refers to wifiapi.o(.bss) for outbuf
    wifiapi.o(.text) refers to wifiapi.o(.data) for END_LF
    wifiapi.o(.text) refers to main.o(.text) for Delay
    wifiapi.o(.text) refers to leds.o(.text) for Control_RGB_LEDs
    entry.o(.ARM.Collect$$$$00000000) refers (Special) to entry10a.o(.ARM.Collect$$$$0000000D) for __rt_final_cpp
    entry.o(.ARM.Collect$$$$00000000) refers (Special) to entry11a.o(.ARM.Collect$$$$0000000F) for __rt_final_exit
    entry.o(.ARM.Collect$$$$00000000) refers (Special) to entry7b.o(.ARM.Collect$$$$00000008) for _main_clock
    entry.o(.ARM.Collect$$$$00000000) refers (Special) to entry8b.o(.ARM.Collect$$$$0000000A) for _main_cpp_init
    entry.o(.ARM.Collect$$$$00000000) refers (Special) to entry9a.o(.ARM.Collect$$$$0000000B) for _main_init
    entry.o(.ARM.Collect$$$$00000000) refers (Special) to entry5.o(.ARM.Collect$$$$00000004) for _main_scatterload
    entry.o(.ARM.Collect$$$$00000000) refers (Special) to entry2.o(.ARM.Collect$$$$00000001) for _main_stk
    printfa.o(i.__0fprintf) refers (Special) to iusefp.o(.text) for __I$use$fp
    printfa.o(i.__0fprintf) refers to printfa.o(i._printf_core) for _printf_core
    printfa.o(i.__0fprintf) refers to fputc.o(i.fputc) for fputc
    printfa.o(i.__0printf) refers (Special) to iusefp.o(.text) for __I$use$fp
    printfa.o(i.__0printf) refers to printfa.o(i._printf_core) for _printf_core
    printfa.o(i.__0printf) refers to fputc.o(i.fputc) for fputc
    printfa.o(i.__0printf) refers to stdout.o(.data) for __stdout
    printfa.o(i.__0snprintf) refers (Special) to iusefp.o(.text) for __I$use$fp
    printfa.o(i.__0snprintf) refers to printfa.o(i._printf_core) for _printf_core
    printfa.o(i.__0snprintf) refers to printfa.o(i._snputc) for _snputc
    printfa.o(i.__0sprintf) refers (Special) to iusefp.o(.text) for __I$use$fp
    printfa.o(i.__0sprintf) refers to printfa.o(i._printf_core) for _printf_core
    printfa.o(i.__0sprintf) refers to printfa.o(i._sputc) for _sputc
    printfa.o(i.__0vfprintf) refers (Special) to iusefp.o(.text) for __I$use$fp
    printfa.o(i.__0vfprintf) refers to printfa.o(i._printf_core) for _printf_core
    printfa.o(i.__0vfprintf) refers to fputc.o(i.fputc) for fputc
    printfa.o(i.__0vprintf) refers (Special) to iusefp.o(.text) for __I$use$fp
    printfa.o(i.__0vprintf) refers to printfa.o(i._printf_core) for _printf_core
    printfa.o(i.__0vprintf) refers to fputc.o(i.fputc) for fputc
    printfa.o(i.__0vprintf) refers to stdout.o(.data) for __stdout
    printfa.o(i.__0vsnprintf) refers (Special) to iusefp.o(.text) for __I$use$fp
    printfa.o(i.__0vsnprintf) refers to printfa.o(i._printf_core) for _printf_core
    printfa.o(i.__0vsnprintf) refers to printfa.o(i._snputc) for _snputc
    printfa.o(i.__0vsprintf) refers (Special) to iusefp.o(.text) for __I$use$fp
    printfa.o(i.__0vsprintf) refers to printfa.o(i._printf_core) for _printf_core
    printfa.o(i.__0vsprintf) refers to printfa.o(i._sputc) for _sputc
    printfa.o(i._fp_digits) refers (Special) to iusefp.o(.text) for __I$use$fp
    printfa.o(i._fp_digits) refers to dmul.o(.text) for __aeabi_dmul
    printfa.o(i._fp_digits) refers to ddiv.o(.text) for __aeabi_ddiv
    printfa.o(i._fp_digits) refers to cdrcmple.o(.text) for __aeabi_cdrcmple
    printfa.o(i._fp_digits) refers to dadd.o(.text) for __aeabi_dadd
    printfa.o(i._fp_digits) refers to dfixul.o(.text) for __aeabi_d2ulz
    printfa.o(i._fp_digits) refers to uldiv.o(.text) for __aeabi_uldivmod
    printfa.o(i._printf_core) refers (Special) to iusefp.o(.text) for __I$use$fp
    printfa.o(i._printf_core) refers to printfa.o(i._printf_pre_padding) for _printf_pre_padding
    printfa.o(i._printf_core) refers to uldiv.o(.text) for __aeabi_uldivmod
    printfa.o(i._printf_core) refers to printfa.o(i._printf_post_padding) for _printf_post_padding
    printfa.o(i._printf_core) refers to printfa.o(i._fp_digits) for _fp_digits
    printfa.o(i._printf_core) refers to uidiv.o(.text) for __aeabi_uidivmod
    printfa.o(i._printf_post_padding) refers (Special) to iusefp.o(.text) for __I$use$fp
    printfa.o(i._printf_pre_padding) refers (Special) to iusefp.o(.text) for __I$use$fp
    printfa.o(i._snputc) refers (Special) to iusefp.o(.text) for __I$use$fp
    printfa.o(i._sputc) refers (Special) to iusefp.o(.text) for __I$use$fp
    entry2.o(.ARM.Collect$$$$00000001) refers to entry2.o(.ARM.Collect$$$$00002712) for __lit__00000000
    entry2.o(.ARM.Collect$$$$00002712) refers to startup_mkl25z4.o(STACK) for __initial_sp
    entry2.o(__vectab_stack_and_reset_area) refers to startup_mkl25z4.o(STACK) for __initial_sp
    entry2.o(__vectab_stack_and_reset_area) refers to entry.o(.ARM.Collect$$$$00000000) for __main
    entry5.o(.ARM.Collect$$$$00000004) refers to init.o(.text) for __scatterload
    entry9a.o(.ARM.Collect$$$$0000000B) refers to main.o(.text) for main
    entry9b.o(.ARM.Collect$$$$0000000C) refers to main.o(.text) for main
    fputc.o(i.fputc) refers (Special) to iusesemip.o(.text) for __I$use$semihosting$fputc
    fputc.o(i.fputc) refers (Special) to semi.o(.text) for __semihosting_library_function
    uldiv.o(.text) refers to llushr.o(.text) for __aeabi_llsr
    uldiv.o(.text) refers to llshl.o(.text) for __aeabi_llsl
    dadd.o(.text) refers to llshl.o(.text) for __aeabi_llsl
    dadd.o(.text) refers to llsshr.o(.text) for __aeabi_lasr
    dadd.o(.text) refers to depilogue.o(.text) for _double_epilogue
    dmul.o(.text) refers to depilogue.o(.text) for _double_epilogue
    ddiv.o(.text) refers to depilogue.o(.text) for _double_round
    dfixul.o(.text) refers to llushr.o(.text) for __aeabi_llsr
    dfixul.o(.text) refers to llshl.o(.text) for __aeabi_llsl
    init.o(.text) refers to entry5.o(.ARM.Collect$$$$00000004) for __main_after_scatterload
    depilogue.o(.text) refers to depilogue.o(i.__ARM_clz) for __ARM_clz
    depilogue.o(.text) refers to llshl.o(.text) for __aeabi_llsl
    depilogue.o(.text) refers to llushr.o(.text) for __aeabi_llsr


==============================================================================

Removing Unused input sections from the image.

    Removing system_mkl25z4.o(.rev16_text), (4 bytes).
    Removing system_mkl25z4.o(.revsh_text), (4 bytes).
    Removing startup_mkl25z4.o(HEAP), (0 bytes).
    Removing main.o(.rev16_text), (4 bytes).
    Removing main.o(.revsh_text), (4 bytes).
    Removing leds.o(.rev16_text), (4 bytes).
    Removing leds.o(.revsh_text), (4 bytes).
    Removing gpio_aj.o(.rev16_text), (4 bytes).
    Removing gpio_aj.o(.revsh_text), (4 bytes).
    Removing sim_aj.o(.rev16_text), (4 bytes).
    Removing sim_aj.o(.revsh_text), (4 bytes).
    Removing spi_aj.o(.rev16_text), (4 bytes).
    Removing spi_aj.o(.revsh_text), (4 bytes).
    Removing wifiapi.o(.rev16_text), (4 bytes).
    Removing wifiapi.o(.revsh_text), (4 bytes).

15 unused section(s) (total 56 bytes) removed from the image.

==============================================================================

Image Symbol Table

    Local Symbols

    Symbol Name                              Value     Ov Type        Size  Object(Section)

    RESET                                    0x00000000   Section      192  startup_mkl25z4.o(RESET)
    ../clib/microlib/division.c              0x00000000   Number         0  uldiv.o ABSOLUTE
    ../clib/microlib/division.c              0x00000000   Number         0  uidiv.o ABSOLUTE
    ../clib/microlib/init/entry.s            0x00000000   Number         0  entry7b.o ABSOLUTE
    ../clib/microlib/init/entry.s            0x00000000   Number         0  entry9a.o ABSOLUTE
    ../clib/microlib/init/entry.s            0x00000000   Number         0  entry8b.o ABSOLUTE
    ../clib/microlib/init/entry.s            0x00000000   Number         0  entry2.o ABSOLUTE
    ../clib/microlib/init/entry.s            0x00000000   Number         0  entry5.o ABSOLUTE
    ../clib/microlib/init/entry.s            0x00000000   Number         0  entry.o ABSOLUTE
    ../clib/microlib/init/entry.s            0x00000000   Number         0  entry9b.o ABSOLUTE
    ../clib/microlib/init/entry.s            0x00000000   Number         0  entry7a.o ABSOLUTE
    ../clib/microlib/init/entry.s            0x00000000   Number         0  entry8a.o ABSOLUTE
    ../clib/microlib/init/entry.s            0x00000000   Number         0  entry11b.o ABSOLUTE
    ../clib/microlib/init/entry.s            0x00000000   Number         0  entry10a.o ABSOLUTE
    ../clib/microlib/init/entry.s            0x00000000   Number         0  entry11a.o ABSOLUTE
    ../clib/microlib/init/entry.s            0x00000000   Number         0  entry10b.o ABSOLUTE
    ../clib/microlib/longlong.c              0x00000000   Number         0  llshl.o ABSOLUTE
    ../clib/microlib/longlong.c              0x00000000   Number         0  llushr.o ABSOLUTE
    ../clib/microlib/longlong.c              0x00000000   Number         0  llsshr.o ABSOLUTE
    ../clib/microlib/printf/printf.c         0x00000000   Number         0  printfa.o ABSOLUTE
    ../clib/microlib/stdio/fputc.c           0x00000000   Number         0  fputc.o ABSOLUTE
    ../clib/microlib/stdio/semi.s            0x00000000   Number         0  semi.o ABSOLUTE
    ../clib/microlib/stdio/streams.c         0x00000000   Number         0  stdout.o ABSOLUTE
    ../clib/microlib/stubs.s                 0x00000000   Number         0  iusefp.o ABSOLUTE
    ../clib/microlib/stubs.s                 0x00000000   Number         0  iusesemip.o ABSOLUTE
    ../fplib/microlib/fpadd.c                0x00000000   Number         0  dadd.o ABSOLUTE
    ../fplib/microlib/fpdiv.c                0x00000000   Number         0  ddiv.o ABSOLUTE
    ../fplib/microlib/fpepilogue.c           0x00000000   Number         0  depilogue.o ABSOLUTE
    ../fplib/microlib/fpfix.c                0x00000000   Number         0  dfixul.o ABSOLUTE
    ../fplib/microlib/fpmul.c                0x00000000   Number         0  dmul.o ABSOLUTE
    LEDs.c                                   0x00000000   Number         0  leds.o ABSOLUTE
    LEDs.c                                   0x00000000   Number         0  leds.o ABSOLUTE
    asm\startup_MKL25Z4.s                    0x00000000   Number         0  startup_mkl25z4.o ABSOLUTE
    cdrcmple.s                               0x00000000   Number         0  cdrcmple.o ABSOLUTE
    dc.s                                     0x00000000   Number         0  dc.o ABSOLUTE
    handlers.s                               0x00000000   Number         0  handlers.o ABSOLUTE
    init.s                                   0x00000000   Number         0  init.o ABSOLUTE
    src\WIFIApi.c                            0x00000000   Number         0  wifiapi.o ABSOLUTE
    src\\WIFIApi.c                           0x00000000   Number         0  wifiapi.o ABSOLUTE
    src\\gpio_aj.c                           0x00000000   Number         0  gpio_aj.o ABSOLUTE
    src\\main.c                              0x00000000   Number         0  main.o ABSOLUTE
    src\\sim_aj.c                            0x00000000   Number         0  sim_aj.o ABSOLUTE
    src\\spi_aj.c                            0x00000000   Number         0  spi_aj.o ABSOLUTE
    src\\system_MKL25Z4.c                    0x00000000   Number         0  system_mkl25z4.o ABSOLUTE
    src\gpio_aj.c                            0x00000000   Number         0  gpio_aj.o ABSOLUTE
    src\main.c                               0x00000000   Number         0  main.o ABSOLUTE
    src\sim_aj.c                             0x00000000   Number         0  sim_aj.o ABSOLUTE
    src\spi_aj.c                             0x00000000   Number         0  spi_aj.o ABSOLUTE
    src\system_MKL25Z4.c                     0x00000000   Number         0  system_mkl25z4.o ABSOLUTE
    .ARM.Collect$$$$00000000                 0x000000c0   Section        0  entry.o(.ARM.Collect$$$$00000000)
    .ARM.Collect$$$$00000001                 0x000000c0   Section        4  entry2.o(.ARM.Collect$$$$00000001)
    .ARM.Collect$$$$00000004                 0x000000c4   Section        4  entry5.o(.ARM.Collect$$$$00000004)
    .ARM.Collect$$$$00000008                 0x000000c8   Section        0  entry7b.o(.ARM.Collect$$$$00000008)
    .ARM.Collect$$$$0000000A                 0x000000c8   Section        0  entry8b.o(.ARM.Collect$$$$0000000A)
    .ARM.Collect$$$$0000000B                 0x000000c8   Section        8  entry9a.o(.ARM.Collect$$$$0000000B)
    .ARM.Collect$$$$0000000D                 0x000000d0   Section        0  entry10a.o(.ARM.Collect$$$$0000000D)
    .ARM.Collect$$$$0000000F                 0x000000d0   Section        0  entry11a.o(.ARM.Collect$$$$0000000F)
    .ARM.Collect$$$$00002712                 0x000000d0   Section        4  entry2.o(.ARM.Collect$$$$00002712)
    __lit__00000000                          0x000000d0   Data           4  entry2.o(.ARM.Collect$$$$00002712)
    .text                                    0x000000d4   Section        0  system_mkl25z4.o(.text)
    .text                                    0x000002f0   Section       28  startup_mkl25z4.o(.text)
    .text                                    0x0000030c   Section        0  main.o(.text)
    NVIC_SetPriority                         0x0000036b   Thumb Code   110  main.o(.text)
    .text                                    0x000003f0   Section        0  iusefp.o(.text)
    i.__scatterload_copy                     0x000003f0   Section       14  handlers.o(i.__scatterload_copy)
    i.__scatterload_null                     0x000003fe   Section        2  handlers.o(i.__scatterload_null)
    .ARM.__at_0x400                          0x00000400   Section       16  startup_mkl25z4.o(.ARM.__at_0x400)
    .text                                    0x00000410   Section        0  leds.o(.text)
    .text                                    0x000004d0   Section        0  gpio_aj.o(.text)
    .text                                    0x00000630   Section        0  sim_aj.o(.text)
    .text                                    0x000006cc   Section        0  spi_aj.o(.text)
    NVIC_EnableIRQ                           0x00000a47   Thumb Code    14  spi_aj.o(.text)
    NVIC_DisableIRQ                          0x00000a55   Thumb Code    16  spi_aj.o(.text)
    .text                                    0x00000a8c   Section        0  wifiapi.o(.text)
    .text                                    0x000014c4   Section        0  uidiv.o(.text)
    .text                                    0x000014f0   Section        0  uldiv.o(.text)
    .text                                    0x00001550   Section        0  dadd.o(.text)
    .text                                    0x000016b4   Section        0  dmul.o(.text)
    .text                                    0x00001784   Section        0  ddiv.o(.text)
    .text                                    0x00001874   Section        0  dfixul.o(.text)
    .text                                    0x000018b4   Section       40  cdrcmple.o(.text)
    .text                                    0x000018dc   Section       36  init.o(.text)
    .text                                    0x00001900   Section        0  llshl.o(.text)
    .text                                    0x00001920   Section        0  llushr.o(.text)
    .text                                    0x00001942   Section        0  llsshr.o(.text)
    .text                                    0x00001968   Section        0  depilogue.o(.text)
    i.__0vsprintf                            0x00001a28   Section        0  printfa.o(i.__0vsprintf)
    i.__ARM_clz                              0x00001a4c   Section        0  depilogue.o(i.__ARM_clz)
    i.__ARM_common_switch8                   0x00001a7a   Section        0  system_mkl25z4.o(i.__ARM_common_switch8)
    i.__scatterload_zeroinit                 0x00001a96   Section       14  handlers.o(i.__scatterload_zeroinit)
    i._fp_digits                             0x00001aa4   Section        0  printfa.o(i._fp_digits)
    _fp_digits                               0x00001aa5   Thumb Code   316  printfa.o(i._fp_digits)
    i._printf_core                           0x00001bfc   Section        0  printfa.o(i._printf_core)
    _printf_core                             0x00001bfd   Thumb Code  1754  printfa.o(i._printf_core)
    i._printf_post_padding                   0x000022e8   Section        0  printfa.o(i._printf_post_padding)
    _printf_post_padding                     0x000022e9   Thumb Code    32  printfa.o(i._printf_post_padding)
    i._printf_pre_padding                    0x00002308   Section        0  printfa.o(i._printf_pre_padding)
    _printf_pre_padding                      0x00002309   Thumb Code    44  printfa.o(i._printf_pre_padding)
    i._sputc                                 0x00002334   Section        0  printfa.o(i._sputc)
    _sputc                                   0x00002335   Thumb Code    10  printfa.o(i._sputc)
    .data                                    0x1ffff000   Section        4  system_mkl25z4.o(.data)
    .data                                    0x1ffff004   Section        4  main.o(.data)
    .data                                    0x1ffff008   Section       15  spi_aj.o(.data)
    .data                                    0x1ffff017   Section       12  wifiapi.o(.data)
    START_ESC                                0x1ffff018   Data           1  wifiapi.o(.data)
    START_S                                  0x1ffff019   Data           1  wifiapi.o(.data)
    END_ESC                                  0x1ffff01a   Data           1  wifiapi.o(.data)
    END_E                                    0x1ffff01b   Data           1  wifiapi.o(.data)
    BODY                                     0x1ffff01c   Data           1  wifiapi.o(.data)
    CID                                      0x1ffff01d   Data           1  wifiapi.o(.data)
    START_LF                                 0x1ffff01e   Data           1  wifiapi.o(.data)
    START_CR                                 0x1ffff01f   Data           1  wifiapi.o(.data)
    END_LF                                   0x1ffff020   Data           1  wifiapi.o(.data)
    END_CR                                   0x1ffff021   Data           1  wifiapi.o(.data)
    BODY                                     0x1ffff022   Data           1  wifiapi.o(.data)
    .bss                                     0x1ffff024   Section       32  wifiapi.o(.bss)
    STACK                                    0x1ffff048   Section     1024  startup_mkl25z4.o(STACK)

    Global Symbols

    Symbol Name                              Value     Ov Type        Size  Object(Section)

    BuildAttributes$$THM_ISAv3M$S$PE$A:L22$X:L11$S22$IEEE1$IW$USESV6$~STKCKD$USESV7$~SHL$OSPACE$ROPI$EBA8$MICROLIB$REQ8$PRES8$EABIv2 0x00000000   Number         0  anon$$obj.o ABSOLUTE
    __ARM_use_no_argv                        0x00000000   Number         0  main.o ABSOLUTE
    __Vectors                                0x00000000   Data           4  startup_mkl25z4.o(RESET)
    __cpp_initialize__aeabi_                  - Undefined Weak Reference
    __cxa_finalize                            - Undefined Weak Reference
    __decompress                              - Undefined Weak Reference
    _clock_init                               - Undefined Weak Reference
    _microlib_exit                            - Undefined Weak Reference
    __Vectors_End                            0x000000c0   Data           0  startup_mkl25z4.o(RESET)
    __Vectors_Size                           0x000000c0   Number         0  startup_mkl25z4.o ABSOLUTE
    __main                                   0x000000c1   Thumb Code     0  entry.o(.ARM.Collect$$$$00000000)
    _main_stk                                0x000000c1   Thumb Code     0  entry2.o(.ARM.Collect$$$$00000001)
    _main_scatterload                        0x000000c5   Thumb Code     0  entry5.o(.ARM.Collect$$$$00000004)
    __main_after_scatterload                 0x000000c9   Thumb Code     0  entry5.o(.ARM.Collect$$$$00000004)
    _main_clock                              0x000000c9   Thumb Code     0  entry7b.o(.ARM.Collect$$$$00000008)
    _main_cpp_init                           0x000000c9   Thumb Code     0  entry8b.o(.ARM.Collect$$$$0000000A)
    _main_init                               0x000000c9   Thumb Code     0  entry9a.o(.ARM.Collect$$$$0000000B)
    __rt_final_cpp                           0x000000d1   Thumb Code     0  entry10a.o(.ARM.Collect$$$$0000000D)
    __rt_final_exit                          0x000000d1   Thumb Code     0  entry11a.o(.ARM.Collect$$$$0000000F)
    SystemInit                               0x000000d5   Thumb Code   168  system_mkl25z4.o(.text)
    SystemCoreClockUpdate                    0x0000017d   Thumb Code   322  system_mkl25z4.o(.text)
    Reset_Handler                            0x000002f1   Thumb Code     8  startup_mkl25z4.o(.text)
    NMI_Handler                              0x000002f9   Thumb Code     2  startup_mkl25z4.o(.text)
    HardFault_Handler                        0x000002fb   Thumb Code     2  startup_mkl25z4.o(.text)
    SVC_Handler                              0x000002fd   Thumb Code     2  startup_mkl25z4.o(.text)
    PendSV_Handler                           0x000002ff   Thumb Code     2  startup_mkl25z4.o(.text)
    ADC0_IRQHandler                          0x00000303   Thumb Code     0  startup_mkl25z4.o(.text)
    CMP0_IRQHandler                          0x00000303   Thumb Code     0  startup_mkl25z4.o(.text)
    DAC0_IRQHandler                          0x00000303   Thumb Code     0  startup_mkl25z4.o(.text)
    DMA0_IRQHandler                          0x00000303   Thumb Code     0  startup_mkl25z4.o(.text)
    DMA1_IRQHandler                          0x00000303   Thumb Code     0  startup_mkl25z4.o(.text)
    DMA2_IRQHandler                          0x00000303   Thumb Code     0  startup_mkl25z4.o(.text)
    DMA3_IRQHandler                          0x00000303   Thumb Code     0  startup_mkl25z4.o(.text)
    DefaultISR                               0x00000303   Thumb Code     0  startup_mkl25z4.o(.text)
    FTFA_IRQHandler                          0x00000303   Thumb Code     0  startup_mkl25z4.o(.text)
    I2C0_IRQHandler                          0x00000303   Thumb Code     0  startup_mkl25z4.o(.text)
    I2C1_IRQHandler                          0x00000303   Thumb Code     0  startup_mkl25z4.o(.text)
    LLW_IRQHandler                           0x00000303   Thumb Code     0  startup_mkl25z4.o(.text)
    LPTimer_IRQHandler                       0x00000303   Thumb Code     0  startup_mkl25z4.o(.text)
    LVD_LVW_IRQHandler                       0x00000303   Thumb Code     0  startup_mkl25z4.o(.text)
    MCG_IRQHandler                           0x00000303   Thumb Code     0  startup_mkl25z4.o(.text)
    PIT_IRQHandler                           0x00000303   Thumb Code     0  startup_mkl25z4.o(.text)
    PORTA_IRQHandler                         0x00000303   Thumb Code     0  startup_mkl25z4.o(.text)
    PORTD_IRQHandler                         0x00000303   Thumb Code     0  startup_mkl25z4.o(.text)
    RTC_IRQHandler                           0x00000303   Thumb Code     0  startup_mkl25z4.o(.text)
    RTC_Seconds_IRQHandler                   0x00000303   Thumb Code     0  startup_mkl25z4.o(.text)
    Reserved20_IRQHandler                    0x00000303   Thumb Code     0  startup_mkl25z4.o(.text)
    Reserved39_IRQHandler                    0x00000303   Thumb Code     0  startup_mkl25z4.o(.text)
    Reserved45_IRQHandler                    0x00000303   Thumb Code     0  startup_mkl25z4.o(.text)
    SPI0_IRQHandler                          0x00000303   Thumb Code     0  startup_mkl25z4.o(.text)
    TPM0_IRQHandler                          0x00000303   Thumb Code     0  startup_mkl25z4.o(.text)
    TPM1_IRQHandler                          0x00000303   Thumb Code     0  startup_mkl25z4.o(.text)
    TPM2_IRQHandler                          0x00000303   Thumb Code     0  startup_mkl25z4.o(.text)
    TSI0_IRQHandler                          0x00000303   Thumb Code     0  startup_mkl25z4.o(.text)
    UART0_IRQHandler                         0x00000303   Thumb Code     0  startup_mkl25z4.o(.text)
    UART1_IRQHandler                         0x00000303   Thumb Code     0  startup_mkl25z4.o(.text)
    UART2_IRQHandler                         0x00000303   Thumb Code     0  startup_mkl25z4.o(.text)
    USB0_IRQHandler                          0x00000303   Thumb Code     0  startup_mkl25z4.o(.text)
    SysTick_Handler                          0x0000030d   Thumb Code    12  main.o(.text)
    Delay                                    0x00000319   Thumb Code    18  main.o(.text)
    main                                     0x0000032b   Thumb Code    64  main.o(.text)
    __I$use$fp                               0x000003f1   Thumb Code     0  iusefp.o(.text)
    __scatterload_copy                       0x000003f1   Thumb Code    14  handlers.o(i.__scatterload_copy)
    __scatterload_null                       0x000003ff   Thumb Code     2  handlers.o(i.__scatterload_null)
    Init_RGB_LEDs                            0x00000411   Thumb Code   110  leds.o(.text)
    Control_RGB_LEDs                         0x0000047f   Thumb Code    70  leds.o(.text)
    Init_GPIO                                0x000004d1   Thumb Code   330  gpio_aj.o(.text)
    Init_SIM                                 0x00000631   Thumb Code    44  sim_aj.o(.text)
    adc_sim                                  0x0000065d   Thumb Code    62  sim_aj.o(.text)
    tpm_sim                                  0x0000069b   Thumb Code    30  sim_aj.o(.text)
    spi_sim                                  0x000006b9   Thumb Code    16  sim_aj.o(.text)
    Init_SPI1                                0x000006cd   Thumb Code   180  spi_aj.o(.text)
    SPI1_callback_receiveend                 0x00000781   Thumb Code     8  spi_aj.o(.text)
    SPI1_callback_sendend                    0x00000789   Thumb Code     8  spi_aj.o(.text)
    SPI1_callback_error                      0x00000791   Thumb Code     2  spi_aj.o(.text)
    SPI1_IRQHandler                          0x00000793   Thumb Code   244  spi_aj.o(.text)
    SPI1_Send_Receive                        0x00000887   Thumb Code   120  spi_aj.o(.text)
    SPI_CS_End                               0x000008ff   Thumb Code    46  spi_aj.o(.text)
    SPI_CS_Start                             0x0000092d   Thumb Code   102  spi_aj.o(.text)
    SPI1_Send                                0x00000993   Thumb Code    78  spi_aj.o(.text)
    SPI1_SendReceive                         0x000009e1   Thumb Code    80  spi_aj.o(.text)
    test_SPIsend                             0x00000a31   Thumb Code    22  spi_aj.o(.text)
    sub_printf                               0x00000a8d   Thumb Code    30  wifiapi.o(.text)
    sub_buffer_printf                        0x00000aab   Thumb Code    32  wifiapi.o(.text)
    Received_Char_Handle                     0x00000acb   Thumb Code   186  wifiapi.o(.text)
    WIFI_ReceiveByte                         0x00000b85   Thumb Code    54  wifiapi.o(.text)
    Response_handle                          0x00000bbb   Thumb Code   118  wifiapi.o(.text)
    Echo_Disable                             0x00000c31   Thumb Code    48  wifiapi.o(.text)
    Auto_Renable                             0x00000c61   Thumb Code    48  wifiapi.o(.text)
    Verbose_Enable                           0x00000c91   Thumb Code    48  wifiapi.o(.text)
    Echo_Confirm                             0x00000cc1   Thumb Code    48  wifiapi.o(.text)
    Auto_Network                             0x00000cf1   Thumb Code    48  wifiapi.o(.text)
    Auto_Wifi                                0x00000d21   Thumb Code    48  wifiapi.o(.text)
    Auto_Enable                              0x00000d51   Thumb Code    48  wifiapi.o(.text)
    Save_Profile                             0x00000d81   Thumb Code    48  wifiapi.o(.text)
    IP_extract                               0x00000db1   Thumb Code    78  wifiapi.o(.text)
    Data_handle                              0x00000dff   Thumb Code   274  wifiapi.o(.text)
    Auto_Start                               0x00000f11   Thumb Code    60  wifiapi.o(.text)
    Set_Password                             0x00000f4d   Thumb Code    44  wifiapi.o(.text)
    Disable_AutoConnect                      0x00000f79   Thumb Code    30  wifiapi.o(.text)
    Disassociate                             0x00000f97   Thumb Code    48  wifiapi.o(.text)
    DeepSleep                                0x00000fc7   Thumb Code    38  wifiapi.o(.text)
    DHCP_Enable                              0x00000fed   Thumb Code    48  wifiapi.o(.text)
    WIFI_wake                                0x0000101d   Thumb Code   108  wifiapi.o(.text)
    WIFI_idle                                0x00001089   Thumb Code    66  wifiapi.o(.text)
    Disp_Client_Data                         0x000010cb   Thumb Code   122  wifiapi.o(.text)
    WIFI_SendString                          0x00001145   Thumb Code    46  wifiapi.o(.text)
    Auto_Setup                               0x00001173   Thumb Code   236  wifiapi.o(.text)
    Parse_Data                               0x0000125f   Thumb Code   498  wifiapi.o(.text)
    Format_Data                              0x00001451   Thumb Code    90  wifiapi.o(.text)
    __aeabi_uidiv                            0x000014c5   Thumb Code     0  uidiv.o(.text)
    __aeabi_uidivmod                         0x000014c5   Thumb Code    44  uidiv.o(.text)
    __aeabi_uldivmod                         0x000014f1   Thumb Code    96  uldiv.o(.text)
    __aeabi_dadd                             0x00001551   Thumb Code   328  dadd.o(.text)
    __aeabi_dsub                             0x00001699   Thumb Code    12  dadd.o(.text)
    __aeabi_drsub                            0x000016a5   Thumb Code    12  dadd.o(.text)
    __aeabi_dmul                             0x000016b5   Thumb Code   202  dmul.o(.text)
    __aeabi_ddiv                             0x00001785   Thumb Code   234  ddiv.o(.text)
    __aeabi_d2ulz                            0x00001875   Thumb Code    54  dfixul.o(.text)
    __aeabi_cdrcmple                         0x000018b5   Thumb Code    38  cdrcmple.o(.text)
    __scatterload                            0x000018dd   Thumb Code    28  init.o(.text)
    __scatterload_rt2                        0x000018dd   Thumb Code     0  init.o(.text)
    __aeabi_llsl                             0x00001901   Thumb Code    32  llshl.o(.text)
    _ll_shift_l                              0x00001901   Thumb Code     0  llshl.o(.text)
    __aeabi_llsr                             0x00001921   Thumb Code    34  llushr.o(.text)
    _ll_ushift_r                             0x00001921   Thumb Code     0  llushr.o(.text)
    __aeabi_lasr                             0x00001943   Thumb Code    38  llsshr.o(.text)
    _ll_sshift_r                             0x00001943   Thumb Code     0  llsshr.o(.text)
    _double_round                            0x00001969   Thumb Code    26  depilogue.o(.text)
    _double_epilogue                         0x00001983   Thumb Code   164  depilogue.o(.text)
    __0vsprintf                              0x00001a29   Thumb Code    30  printfa.o(i.__0vsprintf)
    __1vsprintf                              0x00001a29   Thumb Code     0  printfa.o(i.__0vsprintf)
    __2vsprintf                              0x00001a29   Thumb Code     0  printfa.o(i.__0vsprintf)
    __c89vsprintf                            0x00001a29   Thumb Code     0  printfa.o(i.__0vsprintf)
    vsprintf                                 0x00001a29   Thumb Code     0  printfa.o(i.__0vsprintf)
    __ARM_clz                                0x00001a4d   Thumb Code    46  depilogue.o(i.__ARM_clz)
    __ARM_common_switch8                     0x00001a7b   Thumb Code    28  system_mkl25z4.o(i.__ARM_common_switch8)
    __scatterload_zeroinit                   0x00001a97   Thumb Code    14  handlers.o(i.__scatterload_zeroinit)
    Region$$Table$$Base                      0x00002340   Number         0  anon$$obj.o(Region$$Table)
    Region$$Table$$Limit                     0x00002360   Number         0  anon$$obj.o(Region$$Table)
    SystemCoreClock                          0x1ffff000   Data           4  system_mkl25z4.o(.data)
    msTicks                                  0x1ffff004   Data           4  main.o(.data)
    spi1_tx_count                            0x1ffff008   Data           4  spi_aj.o(.data)
    spi1_tx_address                          0x1ffff00c   Data           4  spi_aj.o(.data)
    spi1_rx_address                          0x1ffff010   Data           4  spi_aj.o(.data)
    SPI1_SendingData                         0x1ffff014   Data           1  spi_aj.o(.data)
    SPI1_ReceivingData                       0x1ffff015   Data           1  spi_aj.o(.data)
    alpha                                    0x1ffff016   Data           1  spi_aj.o(.data)
    connection_id                            0x1ffff017   Data           1  wifiapi.o(.data)
    outbuf                                   0x1ffff024   Data          32  wifiapi.o(.bss)
    __initial_sp                             0x1ffff448   Data           0  startup_mkl25z4.o(STACK)



==============================================================================

Memory Map of the image

  Image Entry point : 0x000000c1

  Load Region LR_IROM1 (Base: 0x00000000, Size: 0x00002384, Max: 0x00020000, ABSOLUTE)

    Execution Region ER_IROM1 (Base: 0x00000000, Size: 0x00002360, Max: 0x00020000, ABSOLUTE)

    Base Addr    Size         Type   Attr      Idx    E Section Name        Object

    0x00000000   0x000000c0   Data   RO           49    RESET               startup_mkl25z4.o
    0x000000c0   0x00000000   Code   RO          233  * .ARM.Collect$$$$00000000  mc_p.l(entry.o)
    0x000000c0   0x00000004   Code   RO          266    .ARM.Collect$$$$00000001  mc_p.l(entry2.o)
    0x000000c4   0x00000004   Code   RO          269    .ARM.Collect$$$$00000004  mc_p.l(entry5.o)
    0x000000c8   0x00000000   Code   RO          271    .ARM.Collect$$$$00000008  mc_p.l(entry7b.o)
    0x000000c8   0x00000000   Code   RO          273    .ARM.Collect$$$$0000000A  mc_p.l(entry8b.o)
    0x000000c8   0x00000008   Code   RO          274    .ARM.Collect$$$$0000000B  mc_p.l(entry9a.o)
    0x000000d0   0x00000000   Code   RO          276    .ARM.Collect$$$$0000000D  mc_p.l(entry10a.o)
    0x000000d0   0x00000000   Code   RO          278    .ARM.Collect$$$$0000000F  mc_p.l(entry11a.o)
    0x000000d0   0x00000004   Code   RO          267    .ARM.Collect$$$$00002712  mc_p.l(entry2.o)
    0x000000d4   0x0000021c   Code   RO            3    .text               system_mkl25z4.o
    0x000002f0   0x0000001c   Code   RO           51    .text               startup_mkl25z4.o
    0x0000030c   0x000000e4   Code   RO           59    .text               main.o
    0x000003f0   0x00000000   Code   RO          285    .text               mc_p.l(iusefp.o)
    0x000003f0   0x0000000e   Code   RO          312    i.__scatterload_copy  mc_p.l(handlers.o)
    0x000003fe   0x00000002   Code   RO          313    i.__scatterload_null  mc_p.l(handlers.o)
    0x00000400   0x00000010   Code   RO           50    .ARM.__at_0x400     startup_mkl25z4.o
    0x00000410   0x000000c0   Code   RO          108    .text               leds.o
    0x000004d0   0x00000160   Code   RO          131    .text               gpio_aj.o
    0x00000630   0x0000009c   Code   RO          151    .text               sim_aj.o
    0x000006cc   0x000003c0   Code   RO          171    .text               spi_aj.o
    0x00000a8c   0x00000a38   Code   RO          200    .text               wifiapi.o
    0x000014c4   0x0000002c   Code   RO          236    .text               mc_p.l(uidiv.o)
    0x000014f0   0x00000060   Code   RO          283    .text               mc_p.l(uldiv.o)
    0x00001550   0x00000164   Code   RO          286    .text               mf_p.l(dadd.o)
    0x000016b4   0x000000d0   Code   RO          288    .text               mf_p.l(dmul.o)
    0x00001784   0x000000f0   Code   RO          290    .text               mf_p.l(ddiv.o)
    0x00001874   0x00000040   Code   RO          292    .text               mf_p.l(dfixul.o)
    0x000018b4   0x00000028   Code   RO          294    .text               mf_p.l(cdrcmple.o)
    0x000018dc   0x00000024   Code   RO          296    .text               mc_p.l(init.o)
    0x00001900   0x00000020   Code   RO          299    .text               mc_p.l(llshl.o)
    0x00001920   0x00000022   Code   RO          301    .text               mc_p.l(llushr.o)
    0x00001942   0x00000026   Code   RO          303    .text               mc_p.l(llsshr.o)
    0x00001968   0x000000be   Code   RO          306    .text               mf_p.l(depilogue.o)
    0x00001a26   0x00000002   PAD
    0x00001a28   0x00000024   Code   RO          245    i.__0vsprintf       mc_p.l(printfa.o)
    0x00001a4c   0x0000002e   Code   RO          308    i.__ARM_clz         mf_p.l(depilogue.o)
    0x00001a7a   0x0000001c   Code   RO           22    i.__ARM_common_switch8  system_mkl25z4.o
    0x00001a96   0x0000000e   Code   RO          314    i.__scatterload_zeroinit  mc_p.l(handlers.o)
    0x00001aa4   0x00000158   Code   RO          246    i._fp_digits        mc_p.l(printfa.o)
    0x00001bfc   0x000006ec   Code   RO          247    i._printf_core      mc_p.l(printfa.o)
    0x000022e8   0x00000020   Code   RO          248    i._printf_post_padding  mc_p.l(printfa.o)
    0x00002308   0x0000002c   Code   RO          249    i._printf_pre_padding  mc_p.l(printfa.o)
    0x00002334   0x0000000a   Code   RO          251    i._sputc            mc_p.l(printfa.o)
    0x0000233e   0x00000002   PAD
    0x00002340   0x00000020   Data   RO          310    Region$$Table       anon$$obj.o


    Execution Region RW_IRAM1 (Base: 0x1ffff000, Size: 0x00000448, Max: 0x00001000, ABSOLUTE)

    Base Addr    Size         Type   Attr      Idx    E Section Name        Object

    0x1ffff000   0x00000004   Data   RW            4    .data               system_mkl25z4.o
    0x1ffff004   0x00000004   Data   RW           60    .data               main.o
    0x1ffff008   0x0000000f   Data   RW          172    .data               spi_aj.o
    0x1ffff017   0x0000000c   Data   RW          202    .data               wifiapi.o
    0x1ffff023   0x00000001   PAD
    0x1ffff024   0x00000020   Zero   RW          201    .bss                wifiapi.o
    0x1ffff044   0x00000004   PAD
    0x1ffff048   0x00000400   Zero   RW           47    STACK               startup_mkl25z4.o


==============================================================================

Image component sizes


      Code (inc. data)   RO Data    RW Data    ZI Data      Debug   Object Name

       352         22          0          0          0        460   gpio_aj.o
       192         12          0          0          0        729   leds.o
       228         24          0          4          0     100631   main.o
       156          4          0          0          0        647   sim_aj.o
       960         40          0         15          0      10351   spi_aj.o
        44         24        192          0       1024        780   startup_mkl25z4.o
       568         60          0          4          0       5585   system_mkl25z4.o
      2616        270          0         12         32       9291   wifiapi.o

    ----------------------------------------------------------------------
      5116        456        224         36       1060     128474   Object Totals
         0          0         32          0          0          0   (incl. Generated)
         0          0          0          1          4          0   (incl. Padding)

    ----------------------------------------------------------------------

      Code (inc. data)   RO Data    RW Data    ZI Data      Debug   Library Member Name

         0          0          0          0          0          0   entry.o
         0          0          0          0          0          0   entry10a.o
         0          0          0          0          0          0   entry11a.o
         8          4          0          0          0          0   entry2.o
         4          0          0          0          0          0   entry5.o
         0          0          0          0          0          0   entry7b.o
         0          0          0          0          0          0   entry8b.o
         8          4          0          0          0          0   entry9a.o
        30          0          0          0          0          0   handlers.o
        36          8          0          0          0         68   init.o
         0          0          0          0          0          0   iusefp.o
        32          0          0          0          0         68   llshl.o
        38          0          0          0          0         68   llsshr.o
        34          0          0          0          0         68   llushr.o
      2238         96          0          0          0        460   printfa.o
        44          0          0          0          0         72   uidiv.o
        96          0          0          0          0         84   uldiv.o
        40          2          0          0          0         68   cdrcmple.o
       356          4          0          0          0        140   dadd.o
       240          6          0          0          0         84   ddiv.o
       236          0          0          0          0        216   depilogue.o
        64         10          0          0          0         68   dfixul.o
       208          6          0          0          0         88   dmul.o

    ----------------------------------------------------------------------
      3716        140          0          0          0       1552   Library Totals
         4          0          0          0          0          0   (incl. Padding)

    ----------------------------------------------------------------------

      Code (inc. data)   RO Data    RW Data    ZI Data      Debug   Library Name

      2568        112          0          0          0        888   mc_p.l
      1144         28          0          0          0        664   mf_p.l

    ----------------------------------------------------------------------
      3716        140          0          0          0       1552   Library Totals

    ----------------------------------------------------------------------

==============================================================================


      Code (inc. data)   RO Data    RW Data    ZI Data      Debug   

      8832        596        224         36       1060     128850   Grand Totals
      8832        596        224         36       1060     128850   ELF Image Totals
      8832        596        224         36          0          0   ROM Totals

==============================================================================

    Total RO  Size (Code + RO Data)                 9056 (   8.84kB)
    Total RW  Size (RW Data + ZI Data)              1096 (   1.07kB)
    Total ROM Size (Code + RO Data + RW Data)       9092 (   8.88kB)

==============================================================================

